// Vitest Snapshot v1

exports[`App.vue > Should render correctly 1`] = `
<div
  class="main-placeholder"
  id="app"
>
  <!-- HEADER -->
  <header
    aria-label="navigatie-header"
    class="nav-main"
    id="nav-main"
  >
    <div
      class="nav-main__skip-links mb-3"
    >
      <a
        class="list__link link--no-underline"
        href="#navigatie-overslaan"
      >
         Navigatie overslaan 
      </a>
    </div>
    <div
      class="nav-main__grid container"
    >
      <!--LOGO-->
      <a
        class="nav-main__logo"
        href="/consumenten"
      >
        <img
          alt="Zilveren Kruis raad en daad logo"
          class="nav-main__logo-img"
          src="https://www.zilverenkruis.nl/assets/zilverenkruis/img/logo/logo_zilverenkruis.svg"
        />
      </a>
      <div
        class="nav-main__top-selections"
      >
        <a
          class="nav-main__desktop link link--no-underline nav-main__desktop"
          href="/zakelijk"
        >
           Zakelijk 
        </a>
        <a
          class="nav-main__desktop link link--no-underline nav-main__desktop"
          href="/zorgaanbieders"
        >
           Voor zorgaanbieders 
        </a>
        <a
          class="nav-main__desktop link link--no-underline nav-main__mobile"
          href="/overons"
        >
           Over ons 
        </a>
        <a
          class="nav-main__desktop link link--no-underline nav-main__mobile"
          href="/overons/pers"
        >
           Pers 
        </a>
      </div>
      <nav
        aria-label="hoofdnavigatie"
        class="nav-main__main-menu"
        role="navigation"
      >
        <ul
          class="main-menu__list list list--nostyle"
          id="main-menu__list"
        >
          <li
            class="main-menu__item"
            data-has-section="false"
          >
            <a
              class="main-menu__title link--no-underline"
              href="/consumenten"
              title="Naar de homepage van Zilveren Kruis voor consumenten"
            >
               Home 
            </a>
          </li>
          <li
            class="main-menu__item"
            data-has-section="true"
            data-section-count="3"
          >
            <a
              aria-expanded="false"
              aria-haspopup="true"
              class="main-menu__title link--no-underline"
              href="#"
            >
               Verzekeringen 
            </a>
          </li>
          <li
            class="main-menu__item"
            data-has-section="true"
            data-section-count="2"
          >
            <a
              aria-expanded="false"
              aria-haspopup="true"
              class="main-menu__title link--no-underline"
              href="#"
            >
               Vergoedingen 
            </a>
          </li>
          <li
            class="main-menu__item"
            data-has-section="true"
            data-section-count="2"
          >
            <a
              aria-expanded="false"
              aria-haspopup="true"
              class="main-menu__title link--no-underline"
              href="#"
            >
               Zorg regelen 
            </a>
          </li>
          <li
            class="main-menu__item"
            data-has-section="true"
            data-section-count="1"
          >
            <a
              aria-expanded="false"
              aria-haspopup="true"
              class="main-menu__title link--no-underline"
              href="#"
            >
               Betalen 
            </a>
          </li>
          <li
            class="main-menu__item"
            data-has-section="true"
            data-section-count="2"
          >
            <a
              aria-expanded="false"
              aria-haspopup="true"
              class="main-menu__title link--no-underline"
              href="#"
            >
               Gezonder leven 
            </a>
          </li>
          <li
            class="main-menu__item"
            data-has-section="true"
            data-section-count="1"
          >
            <a
              aria-expanded="false"
              aria-haspopup="true"
              class="main-menu__title link--no-underline"
              href="#"
            >
               Service & Contact 
            </a>
          </li>
          <li
            class="main-menu__item nav-main__mobile"
            data-has-section="false"
          >
            <a
              class="main-menu__title link--no-underline nav-main__desktop"
              href="/zakelijk"
            >
               Zakelijk 
            </a>
          </li>
          <li
            class="main-menu__item nav-main__mobile"
            data-has-section="false"
          >
            <a
              class="main-menu__title link--no-underline nav-main__desktop"
              href="/zorgaanbieders"
            >
               Voor zorgaanbieders 
            </a>
          </li>
          <li
            class="main-menu__item nav-main__mobile"
            data-has-section="false"
          >
            <a
              class="main-menu__title link--no-underline"
              href="https://www.zilverenkruis.nl/en/consumenten"
            >
               English 
            </a>
          </li>
          <li
            class="main-menu__item nav-main__mobile"
            data-has-section="false"
          >
            <a
              class="main-menu__title link--no-underline nav-main__mobile"
              href="/overons"
            >
               Over ons 
            </a>
          </li>
          <li
            class="main-menu__item nav-main__mobile"
            data-has-section="false"
          >
            <a
              class="main-menu__title link--no-underline nav-main__mobile"
              href="/overons/pers"
            >
               Pers 
            </a>
          </li>
        </ul>
      </nav>
    </div>
    <a
      id="navigatie-overslaan"
      name="navigatie-overslaan"
      tabindex="-1"
    />
  </header>
  <!-- CONTENT HERE -->
  <div
    class="container my-3"
  >
    <div
      class="row"
    >
      <div
        class="col-8"
      >
        <h1>
          Aanmelden
        </h1>
        <h2>
          Gegevens
        </h2>
        <div
          class="form-group"
        >
          <h3>
            Reden van aanmelding
          </h3>
          <div
            class="form-input my-4"
          >
            <label
              class="input__title"
              id="aanmeldreden-label"
            >
               Wat is de reden van uw aanvraag? 
            </label>
            <div
              class="input__group"
            >
              <select
                class="form-control"
              >
                <option>
                   Nieuwe werkgever met collectiviteit bij Zilveren Kruis 
                </option>
                <option
                  selected=""
                >
                   Overstappen per 1-1-2023 naar Zilveren Kruis 
                </option>
              </select>
            </div>
          </div>
        </div>
        <div
          class="form-group"
        >
          <h3>
            Persoonlijke gegevens
          </h3>
          <div
            class="form-input my-4"
          >
            <div
              class="input__group"
            >
              <label
                class="input__title"
              >
                Naam
              </label>
              <input
                class="input__field form-control"
                type="text"
              />
            </div>
          </div>
          <div
            class="form-input my-4"
          >
            <div
              class="input__group"
            >
              <label
                class="input__title"
              >
                 Tussenvoegsels 
              </label>
              <input
                class="input__field form-control"
                type="text"
              />
            </div>
          </div>
          <div
            class="form-input my-4"
          >
            <div
              class="input__group"
            >
              <label
                class="input__title"
              >
                Achternaam
              </label>
              <input
                class="input__field form-control"
                type="text"
              />
            </div>
          </div>
          <div
            class="form-input my-4"
          >
            <div
              class="input__group"
            >
              <label
                class="input__title"
              >
                Geslacht
              </label>
              <div
                class="form-row"
              >
                <div
                  class="radio custom-radio radio__option"
                >
                  <input
                    class="radio__input custom-control-input"
                    id="man"
                    name="geslacht"
                    type="radio"
                  />
                  <label
                    class="radio__label custom-control-label"
                    for="man"
                  >
                     Man 
                  </label>
                </div>
                <div
                  class="radio custom-radio radio__option"
                >
                  <input
                    class="radio__input custom-control-input"
                    id="vrouw"
                    name="geslacht"
                    type="radio"
                  />
                  <label
                    class="radio__label custom-control-label"
                    for="vrouw"
                  >
                     Vrouw 
                  </label>
                </div>
              </div>
            </div>
          </div>
          <div
            class="form-input my-4"
          >
            <div
              class="input__group"
            >
              <label
                class="input__title"
              >
                 Geboortedatum 
              </label>
              <input
                class="input__field form-control"
                type="text"
              />
            </div>
          </div>
          <div
            class="form-input my-4"
          >
            <div
              class="input__group"
            >
              <label
                class="input__title"
              >
                 Burgerservicenummer 
              </label>
              <input
                class="input__field form-control is-invalid"
                type="text"
              />
            </div>
            <div
              aria-live="polite"
              class="input__feedback invalid-feedback mt-1"
            >
              <span>
                Helaas is het ingevoerde burgerservicenummer niet geldig. Probeer het opnieuw.
              </span>
            </div>
          </div>
        </div>
        <h2
          class="mt-5"
        >
          Verzekering
        </h2>
        <div
          class="form-group"
        >
          <h3>
            Basisverzekering
          </h3>
          <p>
             In Nederland is de basisverzekering verplicht. Iedereen wordt voor de basisverzekering geaccepteerd. De overheid bepaalt welke zorg hierin zit en dit is dus bij elke verzekeraar hetzelfde. 
          </p>
          <div
            class="input__group"
          >
            <label
              class="input__title"
            >
               Kies uw basisverzekering 
            </label>
            <div
              class="form-row"
            >
              <div
                class="radio__tile"
              >
                <div
                  class="radio custom-radio radio__option"
                >
                  <input
                    class="radio__input custom-control-input"
                    id="radio-insurance-basis-budget"
                    name="radio-insurance"
                    type="radio"
                    value="Basis Budget"
                  />
                  <label
                    class="radio__label custom-control-label"
                    for="radio-insurance-basis-budget"
                  >
                    <p
                      class="radio__description"
                    >
                       Basis Budget 
                    </p>
                    <p
                      class="radio__price"
                    >
                       € 1.393,26 per jaar 
                    </p>
                  </label>
                </div>
              </div>
              <div
                class="radio__tile radio__tile--choice"
              >
                <div
                  class="badge radio__tile-badge"
                >
                   Meest gekozen 
                </div>
                <div
                  class="radio custom-radio radio__option"
                >
                  <input
                    class="radio__input custom-control-input"
                    id="radio-insurance-basis-zeker"
                    name="radio-insurance"
                    type="radio"
                    value="Basis Zeker"
                  />
                  <label
                    class="radio__label custom-control-label"
                    for="radio-insurance-basis-zeker"
                  >
                    <p
                      class="radio__description"
                    >
                       Basis Zeker 
                    </p>
                    <p
                      class="radio__price"
                    >
                       € 1.483,54 per jaar 
                    </p>
                  </label>
                </div>
              </div>
              <div
                class="radio__tile"
              >
                <div
                  class="radio custom-radio radio__option"
                >
                  <input
                    class="radio__input custom-control-input"
                    id="radio-insurance-basis-exclusief-(restitutie)"
                    name="radio-insurance"
                    type="radio"
                    value="Basis Exclusief (Restitutie)"
                  />
                  <label
                    class="radio__label custom-control-label"
                    for="radio-insurance-basis-exclusief-(restitutie)"
                  >
                    <p
                      class="radio__description"
                    >
                       Basis Exclusief (Restitutie) 
                    </p>
                    <p
                      class="radio__price"
                    >
                       € 1.624,62 per jaar 
                    </p>
                  </label>
                </div>
              </div>
            </div>
          </div>
        </div>
        <div
          class="form-group"
        >
          <div
            class="form-input my-4"
          >
            <div
              class="input__group"
            >
              <label
                class="input__title"
              >
                 Kies je betaaltermijn 
              </label>
              <select
                class="form-control"
              >
                <option>
                  per maand
                </option>
                <option>
                  per kwartaal
                </option>
                <option
                  selected=""
                >
                  per jaar
                </option>
              </select>
            </div>
          </div>
        </div>
        <div
          class="form-group"
        >
          <h3>
            Eigen risico
          </h3>
          <div
            class="form-input my-4"
          >
            <div
              class="input__group"
            >
              <label
                class="input__title"
              >
                 Kies de hoogste van het eigen risico 
              </label>
              <select
                class="form-control"
              >
                <option>
                   € 385 - verplicht eigen risico 
                </option>
                <option>
                   € 885 - korting van € 22 per jaar 
                </option>
              </select>
            </div>
          </div>
        </div>
        <div
          class="form-group"
        >
          <h3>
            Aanvullende verzekering
          </h3>
          <p>
             Onze aanvullende verzekeringen kennen ruim 100 verschillende vergoedingen. De hoogte van de vergoeding verschilt per pakket.hoogte van de vergoeding verschilt per pakket 
          </p>
          <div
            class="form-input my-4"
          >
            <div
              class="input__group"
            >
              <label
                class="input__title"
              >
                 Kies uw aanvullende verzekering 
              </label>
              <select
                class="form-control"
              >
                <option
                  selected=""
                >
                   Geen aanvullende verzekering geselecteerd 
                </option>
                <option>
                   Aanvullend 1 - € 21,38 per jaar 
                </option>
                <option>
                   Aanvullend 2 - € 85,06 per jaar 
                </option>
                <option>
                   Aanvullend 3 - € 198,63 per jaar 
                </option>
                <option>
                   Aanvullend 4 - € 359,73 per jaar 
                </option>
              </select>
            </div>
          </div>
        </div>
        <div
          class="form-group"
        >
          <div
            class="form-input my-4"
          >
            <div
              class="input__group"
            >
              <label
                class="input__title"
              >
                 Kies uw tandartsverzekering 
              </label>
              <select
                class="form-control"
              >
                <option
                  selected=""
                >
                   Geen tandartsverzekering geselecteerd 
                </option>
                <option>
                  Tand 1 - € 80,28 per jaar
                </option>
                <option>
                  Tand 2 - € 221,65 per jaar
                </option>
                <option>
                  Tand 3 - € 449,36 per jaar
                </option>
              </select>
            </div>
          </div>
        </div>
        <h2
          class="mt-5"
        >
          Controleren
        </h2>
        <div
          class="form-group"
        >
          <h3>
            Gekozen pakket
          </h3>
        </div>
        <div
          class="form-group"
        >
          <h3>
            Totaalpremie
          </h3>
        </div>
        <div
          class="form-group"
        >
          <h3>
            Adres en contactgegevens
          </h3>
        </div>
      </div>
      <div
        class="col-4"
      >
        <div
          class="card card--filled-secondary h-auto"
        >
          <div
            class="card-body"
          >
            <div
              class="sf-contactblok-content"
            >
              <h3
                class="mb-2"
              >
                We staan voor je klaar
              </h3>
              <p
                class="mb-5"
              >
                 Twijfel je? Heb je een vraag? 
              </p>
              <div
                class="phonenumber mb-2"
              >
                <a
                  href="tel:0900 040 03 09"
                >
                  <span
                    class="sr-only"
                  >
                     Telefoonnummer 
                  </span>
                   0900 040 03 09 
                </a>
                <div
                  class="popover__container ml-1"
                >
                  <button
                    class="btn popover__btn btn--popover btn-none"
                    id="info-phone"
                    type="button"
                  >
                    <span
                      class="sr-only"
                    >
                       Informatie weergeven 
                    </span>
                  </button>
                </div>
              </div>
              <small>
                 Open op maandag t/m vrijdag van 08:00 tot 17:00 
              </small>
            </div>
          </div>
        </div>
      </div>
    </div>
  </div>
  <!-- FOOTER -->
  <div
    class="ratingbar"
  >
    <div
      class="container"
    >
      <div
        class="row"
      >
        <div
          class="col-xs-12 col-sm-6 col-md-4 ratingbar__rating"
        >
          <a
            class=""
            href="https://www.independer.nl/zorgverzekering/fi/zilveren-kruis-ac.aspx"
            rel="noopener noreferrer"
            target="_blank"
          >
            <img
              alt="Independer"
              class="ratingbar__icon"
              src="https://www.zilverenkruis.nl/-/media/zilverenkruis/images/shared/independer.png?rev=bb0602912ded4b16adc221025f3fc010&h=80&w=80&la=nl-NL&hash=39DBF59680B0FEECA97C6C786FC7DE67"
              title="Independer"
            />
          </a>
          <span>
            <span
              class="ratingbar__ratings-number"
            >
               7,8 
            </span>
            <span
              class="ratingbar__ratings-text"
            >
               op Independer 
            </span>
          </span>
        </div>
        <div
          class="col-xs-12 col-sm-6 col-md-4 ratingbar__rating"
        >
          <span>
            <span
              class="ratingbar__ratings-number"
            >
               3,8 miljoen 
            </span>
            <span
              class="ratingbar__ratings-text"
            >
               klanten gingen u voor 
            </span>
          </span>
        </div>
        <div
          class="col-xs-12 col-sm-6 col-md-4 ratingbar__rating"
        >
          <a
            class=""
            href="/consumenten/service/declareren/zilveren-kruis-app"
          >
            <img
              alt="Logo Zilveren Kruis-app"
              class="ratingbar__icon"
              src="https://www.zilverenkruis.nl/-/media/zilverenkruis/images/app-logo/app_icon.png?rev=8665a8133399403b92b34eaada19bd46&h=80&w=80&la=nl-NL&hash=70AB973D0AB046A6EFA670CB38F2BF2E"
            />
          </a>
          <span>
            <span
              class="ratingbar__ratings-number"
            >
               4,5 
            </span>
            <span
              class="ratingbar__ratings-text"
            >
               beoordeling in App Store 
            </span>
          </span>
        </div>
      </div>
    </div>
  </div>
  <footer
    class="main-footer"
    role="contentinfo"
  >
    <div
      class="container main-footer__grid"
    >
      <ul
        class="main-footer__links-section list list--nostyle list--horiz d-flex"
      >
        <li
          class="list__item"
        >
          <a
            class="list__link"
            href="/consumenten/disclaimer"
          >
            disclaimer 
          </a>
        </li>
        <li
          class="list__item"
        >
          <a
            class="list__link"
            href="/consumenten/privacy"
          >
            privacy 
          </a>
        </li>
        <li
          class="list__item"
        >
          <a
            class="list__link"
            href="/consumenten/veiligheid"
          >
            veiligheid 
          </a>
        </li>
        <li
          class="list__item"
        >
          <a
            class="list__link"
            href="/consumenten/cookies"
          >
            cookies 
          </a>
        </li>
        <li
          class="list__item"
        >
          <a
            class="list__link"
            href="https://www.wijzeringeldzaken.nl/verzekering/"
            rel="noopener noreferrer"
            target="_blank"
          >
             wijzer in geldzaken 
          </a>
        </li>
      </ul>
      <div
        class="main-footer__label-description"
      >
        <span>
          Zilveren Kruis is onderdeel van Achmea
        </span>
      </div>
    </div>
  </footer>
</div>
`;
